test1
test2
5
21
1
F...............
LUUU
RRRL
LLBU
RLBU
LBBU
BYruL
LBYRU
uLbyR
Rulby
yRulb
BYrUl
LByrU
uLbYR
rUlbY
yRUlb
.
..
...
UU..
YY...
.
..
UU.
....
.....
       
       

RRLBBYRLLUYBURRBLRYR
0