test1
test2
4
4
1
F...............
YYYY
LUUU
LUUU
RLLB
BBUU
ByruL
LBYRU
uLbyR
RUlby
yRulb
ByRUl
LByrU
uLbYR
rUlbY
YrUlb
.
..
YY.
....
.....
.
..
...
....
.....
       
       

RRLBBYRLLUYBURRBLRYRBL
0