test1
test2
-2
30
1
F...............
UUUU
LLLU
RLBB
LBUU
RRBY
ByruL
LBYRU
uLbyR
Rulby
yRulb
ByrUL
LByrU
ULbYR
rUlbY
yrUlb
.
..
B..
UU..
YYYY.
.
..
...
....
YYYY.
       
       

RRLBBYRLLUYBURRBL
0