test1
test2
5
1
0
F...............
LUUU
LLLB
RLBU
LBBU
RRLY
BYruL
LBYRU
uLbyR
Rulby
yRulb
ByrUL
LByrU
uLbYR
rUlbY
yrUlb
.
..
...
UU..
B....
.
..
...
....
YYYY.
       
       

RRLBBYRLLUYBURRB
0