test1
test2
2
1
1
F...............
RYYY
RRRB
RLLU
BBYU
RBYU
Byrul
lByru
ulbyr
rulby
yRulb
byrUl
lbyru
ulbyr
rulbY
yrulb
.
..
LL.
....
.....
.
U.
...
....
UUU..
       
       

RRLBBYRLLUYBURRBLRYRBLBUUBRLBLULYRLYLLUYYULLLRLUYBLBYYYRBUURUBBYUBYR
0