a
b
0
0
0
FRRRBBYYYYUUURRL
....
....
....
....
....
byrul
lbyru
ulbyr
rulby
yrulb
byrul
lbyru
ulbyr
rulby
yrulb
Y
B.
U..
....
.....
U
L.
...
....
.....
       
       

RRLBBYRLLUYBURRBLRYRBLBUUBRLBLULYRLYLLUYYULLLRLUYBLBYYYRBUURUBBYUBYRURBYYUBBURLL
0