Welcome to Azul! 
-------------------
 

Menu 
---- 
1. New Game 
2. Load Game 
3. Credits (Show student information) 
4. Quit 
 
Please enter the name of your save game (not including .txt): 
Player wall data invalid, cancelling load.
Menu 
---- 
1. New Game 
2. Load Game 
3. Credits (Show student information) 
4. Quit 
 
Thanks for playing
