test1
test2
2
1
0
F...............
RRBB
RRYY
RLLY
BBUU
RBYY
byrUl
lbyru
ulbyr
rulbY
yRulb
byrUl
lbyru
ulByr
rulby
yrulb
.
..
...
....
.....
.
..
...
LL..
UUU..
       
       

RRLBBYRLLUYBURRBLRYRBLBUUBRLBLULYRLYLLUYYULLLRLUYBLBYYYRBUURUBBYUBYRU
0