test1
test2
-4
-7
1
F...............
RRRR
RLLB
BBUU
RBYY
RBYU
byrul
lByru
ulbyr
rulby
yRulb
byrUl
lbyru
ulbyr
rulby
yrulb
.
..
...
....
.....
.
U.
...
....
UUU..
       
       

RRLBBYRLLUYBURRBLRYRBLBUUBRLBLULYRLYLLUYYULLLRLUYBLBYYYRBUURUBBYU
0