Welcome to Azul! 
-------------------
 

Menu 
---- 
1. New Game 
2. Load Game 
3. Credits (Show student information) 
4. Quit 
 
Please enter the name of your save game (not including .txt): 
Save file does not exist. Returning to main menu.

Menu 
---- 
1. New Game 
2. Load Game 
3. Credits (Show student information) 
4. Quit 
 
Thanks for playing
