Solomon Northup
Chris Kyle
0
0
1
F...............
RRRY
BBYU
BYYY
LUUU
RRLU
byrul
lbyru
ulbyr
rulby
yrulb
byrul
lbyru
ulbyr
rulby
yrulb
.
..
...
....
.....
.
..
...
....
.....
       
       

RRLBBYRLLUYBURRBLRYRBLBUUBRLBLULYRLYLLUYYULLLRLUYBLBYYYRBUURUBBYUBYRURBYYUBBURLL
0