test1
test2
3
1
0
F...............
RBUU
RRLL
RBBU
BYYU
RRYU
Byrul
lbyRu
ulbyR
rulby
yrulb
byrul
lByru
Ulbyr
rulby
yrulb
.
..
...
YYY.
LL...
.
..
...
YY..
UU...
       
       

RRLBBYRLLUYBURRBLRYRBLBUUBRLBLULYRLYLLUYYULLLRLUYBLBYYYRBUURUBBYUB
0